// Jest Snapshot v1, https://goo.gl/fbAQLP

exports[`ImageCarousel should render correctly 1`] = `
<Carousel
  activeIndex={0}
  bsClass="carousel"
  controls={true}
  direction={null}
  indicators={true}
  interval={5000}
  nextIcon={
    <Glyphicon
      bsClass="glyphicon"
      glyph="chevron-right"
    />
  }
  nextLabel="Next"
  onSelect={[Function]}
  pauseOnHover={true}
  prevIcon={
    <Glyphicon
      bsClass="glyphicon"
      glyph="chevron-left"
    />
  }
  prevLabel="Previous"
  slide={true}
  wrap={true}
>
  <CarouselItem
    active={false}
    animateIn={false}
    animateOut={false}
    key="0"
  >
    <img
      alt="img_0"
      src="https://www.westelm.com/weimgs/rk/images/wcm/products/201848/0001/organic-luxe-fibrosoft-towels-white-1-m.jpg"
    />
  </CarouselItem>
  <CarouselItem
    active={false}
    animateIn={false}
    animateOut={false}
    key="1"
  >
    <img
      alt="img_1"
      src="https://www.westelm.com/weimgs/rk/images/wcm/products/201848/0001/organic-luxe-fibrosoft-towels-midnight-m.jpg"
    />
  </CarouselItem>
  <CarouselItem
    active={false}
    animateIn={false}
    animateOut={false}
    key="2"
  >
    <img
      alt="img_2"
      src="https://www.westelm.com/weimgs/rk/images/wcm/products/201848/0001/organic-luxe-fibrosoft-towels-white-m.jpg"
    />
  </CarouselItem>
</Carousel>
`;
